2026-06-08 09:28:46,978 - INFO - Order Request: {'symbol': 'BTCUSDT', 'side': 'BUY', 'type': 'MARKET', 'quantity': 0.001, 'price': None}
2026-06-08 09:28:46,979 - INFO - Order Response: {'orderId': 123456, 'status': 'FILLED', 'executedQty': 0.001, 'avgPrice': None}
2026-06-08 09:29:25,194 - INFO - Order Request: {'symbol': 'BTCUSDT', 'side': 'SELL', 'type': 'LIMIT', 'quantity': 0.001, 'price': 110000.0}
2026-06-08 09:29:25,194 - INFO - Order Response: {'orderId': 123456, 'status': 'FILLED', 'executedQty': 0.001, 'avgPrice': 110000.0}
2026-06-08 11:01:20,050 - INFO - Order Request: {'symbol': 'BTCUSDT', 'side': 'BUY', 'type': 'MARKET', 'quantity': 0.001, 'price': None}
2026-06-08 11:01:20,050 - INFO - Order Response: {'orderId': 123456, 'status': 'FILLED', 'executedQty': 0.001, 'avgPrice': None}
2026-06-08 11:22:33,797 - INFO - Order Request: {'symbol': 'BTCUSDT', 'side': 'BUY', 'type': 'MARKET', 'quantity': 0.001, 'price': None}
2026-06-08 11:22:33,797 - INFO - Order Response: {'orderId': 123456, 'status': 'FILLED', 'executedQty': 0.001, 'avgPrice': None}
2026-06-08 11:24:02,543 - INFO - Order Request: {'symbol': 'BTCUSDT', 'side': 'BUY', 'type': 'MARKET', 'quantity': 0.001, 'price': None}
2026-06-08 11:24:03,774 - INFO - Order Response: {}
2026-06-08 11:25:36,428 - INFO - Order Request: {'symbol': 'BTCUSDT', 'side': 'BUY', 'type': 'MARKET', 'quantity': 0.001, 'price': None}
2026-06-08 11:25:37,657 - INFO - Order Response: {}
2026-06-08 11:26:39,766 - INFO - ORDER REQUEST: {'symbol': 'BTCUSDT', 'side': 'BUY', 'type': 'MARKET', 'quantity': 0.001, 'price': None}
2026-06-08 11:26:41,009 - INFO - ORDER RESPONSE: {}
2026-06-08 11:27:55,009 - INFO - ORDER REQUEST: {'symbol': 'BTCUSDT', 'side': 'BUY', 'type': 'MARKET', 'quantity': 0.001, 'price': None}
2026-06-08 11:27:56,255 - INFO - ORDER RESPONSE: {}
2026-06-08 11:29:39,772 - INFO - ORDER REQUEST: {'symbol': 'BTCUSDT', 'side': 'BUY', 'type': 'MARKET', 'quantity': 0.001, 'price': None}
2026-06-08 11:29:40,463 - INFO - ORDER RESPONSE: {'error': 'APIError(code=-2015): Invalid API-key, IP, or permissions for action'}
2026-06-09 10:10:51,563 - INFO - ORDER REQUEST: {'symbol': 'BTCUSDT', 'side': 'BUY', 'type': 'MARKET', 'quantity': 0.001, 'price': None}
2026-06-09 10:10:52,268 - INFO - ORDER RESPONSE: {'error': 'APIError(code=-2015): Invalid API-key, IP, or permissions for action'}
2026-06-09 10:14:58,394 - INFO - ORDER REQUEST: {'symbol': 'BTCUSDT', 'side': 'BUY', 'type': 'MARKET', 'quantity': 0.001, 'price': None}
2026-06-09 10:14:59,161 - INFO - ORDER RESPONSE: {'error': 'APIError(code=-2015): Invalid API-key, IP, or permissions for action'}
2026-06-09 10:17:41,012 - INFO - ORDER REQUEST: {'symbol': 'BTCUSDT', 'side': 'BUY', 'type': 'MARKET', 'quantity': 0.001, 'price': None}
2026-06-09 10:17:41,724 - INFO - ORDER RESPONSE: {'error': 'APIError(code=-2015): Invalid API-key, IP, or permissions for action'}
2026-06-09 10:22:47,953 - INFO - ORDER REQUEST: {'symbol': 'BTCUSDT', 'side': 'BUY', 'type': 'MARKET', 'quantity': 0.001, 'price': None}
2026-06-09 10:22:48,721 - INFO - ORDER RESPONSE: {'error': 'APIError(code=-2015): Invalid API-key, IP, or permissions for action'}
2026-06-09 10:32:17,395 - INFO - ORDER REQUEST: {'symbol': 'BTCUSDT', 'side': 'BUY', 'type': 'MARKET', 'quantity': 0.001, 'price': None}
2026-06-09 10:32:18,134 - INFO - ORDER RESPONSE: {'error': 'APIError(code=-2015): Invalid API-key, IP, or permissions for action'}
2026-06-09 10:37:58,559 - INFO - ORDER REQUEST: {'symbol': 'BTCUSDT', 'side': 'BUY', 'type': 'MARKET', 'quantity': 0.001, 'price': None}
2026-06-09 10:37:59,295 - INFO - ORDER RESPONSE: {'error': "APIError(code=-1021): Timestamp for this request was 1000ms ahead of the server's time."}
2026-06-09 23:10:00,279 - INFO - ORDER REQUEST: {'symbol': 'BTCUSDT', 'side': 'BUY', 'type': 'MARKET', 'quantity': 0.001, 'price': None}
2026-06-09 23:10:01,032 - INFO - ORDER RESPONSE: {'error': "APIError(code=-1021): Timestamp for this request was 1000ms ahead of the server's time."}
2026-06-09 23:13:23,973 - INFO - ORDER REQUEST: {'symbol': 'BTCUSDT', 'side': 'BUY', 'type': 'MARKET', 'quantity': 0.001, 'price': None}
2026-06-09 23:13:24,767 - INFO - ORDER RESPONSE: {'error': "APIError(code=-1021): Timestamp for this request was 1000ms ahead of the server's time."}
2026-06-09 23:14:58,134 - INFO - ORDER REQUEST: {'symbol': 'BTCUSDT', 'side': 'BUY', 'type': 'MARKET', 'quantity': 0.001, 'price': None}
2026-06-09 23:14:58,984 - INFO - ORDER RESPONSE: {'orderId': 14581678324, 'symbol': 'BTCUSDT', 'status': 'NEW', 'clientOrderId': 'x-Cb7ytekJbceade44d6eb7573526d7', 'price': '0.00', 'origQty': '0.0010', 'executedQty': '0.0000', 'cumQty': '0.0000', 'timeInForce': 'GTC', 'type': 'MARKET', 'reduceOnly': False, 'closePosition': False, 'side': 'BUY', 'positionSide': 'BOTH', 'stopPrice': '0.00', 'workingType': 'CONTRACT_PRICE', 'priceProtect': False, 'origType': 'MARKET', 'priceMatch': 'NONE', 'selfTradePreventionMode': 'EXPIRE_MAKER', 'goodTillDate': 0, 'updateTime': 1781027095284}
2026-06-09 23:15:57,728 - INFO - ORDER REQUEST: {'symbol': 'BTCUSDT', 'side': 'BUY', 'type': 'MARKET', 'quantity': 0.001, 'price': None}
2026-06-09 23:15:58,686 - INFO - ORDER RESPONSE: {'orderId': 14581739495, 'symbol': 'BTCUSDT', 'status': 'NEW', 'clientOrderId': 'x-Cb7ytekJ313d130d211336052e0896', 'price': '0.00', 'origQty': '0.0010', 'executedQty': '0.0000', 'cumQty': '0.0000', 'timeInForce': 'GTC', 'type': 'MARKET', 'reduceOnly': False, 'closePosition': False, 'side': 'BUY', 'positionSide': 'BOTH', 'stopPrice': '0.00', 'workingType': 'CONTRACT_PRICE', 'priceProtect': False, 'origType': 'MARKET', 'priceMatch': 'NONE', 'selfTradePreventionMode': 'EXPIRE_MAKER', 'goodTillDate': 0, 'updateTime': 1781027154905}
2026-06-09 23:16:48,914 - INFO - ORDER REQUEST: {'symbol': 'BTCUSDT', 'side': 'SELL', 'type': 'MARKET', 'quantity': 0.001, 'price': None}
2026-06-09 23:16:49,593 - INFO - ORDER RESPONSE: {'orderId': 14581792511, 'symbol': 'BTCUSDT', 'status': 'NEW', 'clientOrderId': 'x-Cb7ytekJc71fe29408ccd8d08b172c', 'price': '0.00', 'origQty': '0.0010', 'executedQty': '0.0000', 'cumQty': '0.0000', 'timeInForce': 'GTC', 'type': 'MARKET', 'reduceOnly': False, 'closePosition': False, 'side': 'SELL', 'positionSide': 'BOTH', 'stopPrice': '0.00', 'workingType': 'CONTRACT_PRICE', 'priceProtect': False, 'origType': 'MARKET', 'priceMatch': 'NONE', 'selfTradePreventionMode': 'EXPIRE_MAKER', 'goodTillDate': 0, 'updateTime': 1781027205886}
2026-06-09 23:17:01,944 - INFO - ORDER REQUEST: {'symbol': 'BTCUSDT', 'side': 'BUY', 'type': 'LIMIT', 'quantity': 0.001, 'price': 50000.0}
2026-06-09 23:17:02,565 - INFO - ORDER RESPONSE: {'orderId': 14581804230, 'symbol': 'BTCUSDT', 'status': 'NEW', 'clientOrderId': 'x-Cb7ytekJd9645e77ba29615a494ad5', 'price': '50000.00', 'origQty': '0.0010', 'executedQty': '0.0000', 'cumQty': '0.0000', 'timeInForce': 'GTC', 'type': 'LIMIT', 'reduceOnly': False, 'closePosition': False, 'side': 'BUY', 'positionSide': 'BOTH', 'stopPrice': '0.00', 'workingType': 'CONTRACT_PRICE', 'priceProtect': False, 'origType': 'LIMIT', 'priceMatch': 'NONE', 'selfTradePreventionMode': 'EXPIRE_MAKER', 'goodTillDate': 0, 'updateTime': 1781027218863}
2026-06-09 23:19:26,070 - INFO - ORDER REQUEST: {'symbol': 'BTCUSDT', 'side': 'BUY', 'type': 'LIMIT', 'quantity': 0.001, 'price': 50000.0}
2026-06-09 23:19:26,792 - INFO - ORDER RESPONSE: {'orderId': 14581927032, 'symbol': 'BTCUSDT', 'status': 'NEW', 'clientOrderId': 'x-Cb7ytekJ5550e340dc2004fc70f720', 'price': '50000.00', 'origQty': '0.0010', 'executedQty': '0.0000', 'cumQty': '0.0000', 'timeInForce': 'GTC', 'type': 'LIMIT', 'reduceOnly': False, 'closePosition': False, 'side': 'BUY', 'positionSide': 'BOTH', 'stopPrice': '0.00', 'workingType': 'CONTRACT_PRICE', 'priceProtect': False, 'origType': 'LIMIT', 'priceMatch': 'NONE', 'selfTradePreventionMode': 'EXPIRE_MAKER', 'goodTillDate': 0, 'updateTime': 1781027363087}
